// Jest Snapshot v1, https://goo.gl/fbAQLP

exports[`AllRoutes matches snapshot 1`] = `<DocumentFragment />`;
